
> frontend@0.0.0 build
> vite build

[36mvite v8.0.0 [32mbuilding client environment for production...[36m[39m
[2K
node.exe : 
At line:1 char:1
+ & "C:\Program 
Files\nodejs/node.exe" "C
:\Users\deshp\AppData\Roa
ming\ ...
+ ~~~~~~~~~~~~~~~~~~~~~~~
~~~~~~~~~~~~~~~~~~~~~~~~~
~~~~~~~~~~~~~~~~~~~~~
    + CategoryInfo       
       : NotSpecified:   
  (:String) [], Remote   
 Exception
    + FullyQualifiedErro 
   rId : NativeCommandE  
  rror
 
/noise.png referenced in 
/noise.png didn't 
resolve at build time, 
it will remain unchanged 
to be resolved at runtime
transforming...Γ£ô 7687 modules transformed.
[31mΓ£ù[39m Build 
failed in 679ms
[31merror during build:
[31mBuild failed with 1 
error:

[31m[UNLOADABLE_DEPENDEN
CY] Error:[0m Could not 
load src/lib/utils
   [38;5;246mΓò¡[0m[38
;5;246mΓöÇ[0m[38;5;246m
[[0m src/components/ui/b
utton.jsx:4:20 
[38;5;246m][0m
   [38;5;246mΓöé[0m
 [38;5;246m4 Γöé[0m [3
8;5;249mi[0m[38;5;249mm
[0m[38;5;249mp[0m[38;
5;249mo[0m[38;5;249mr[
0m[38;5;249mt[0m[38;5;
249m [0m[38;5;249m{[0m
[38;5;249m [0m[38;5;24
9mc[0m[38;5;249mn[0m[
38;5;249m [0m[38;5;249m
}[0m[38;5;249m [0m[38
;5;249mf[0m[38;5;249mr
[0m[38;5;249mo[0m[38;5
;249mm[0m[38;5;249m [0
m"@/lib/utils"[38;5;249m
;[0m
 [38;5;240m  Γöé[0m    
                ΓöÇΓöÇΓöÇ
ΓöÇΓöÇΓöÇΓö¼ΓöÇΓöÇΓöÇΓöÇΓ
öÇΓöÇ  
 [38;5;240m  Γöé[0m    
                      Γò░
ΓöÇΓöÇΓöÇΓöÇΓöÇΓöÇΓöÇΓöÇ 
The system cannot find 
the path specified. (os 
error 3)
[38;5;246mΓöÇΓöÇΓöÇΓò»[
0m
[31m
    at aggregateBindingEr
rorsIntoJsError (file:///
C:/Users/deshp/OneDrive/D
esktop/Jay/ChitX-/fronten
d/node_modules/rolldown/d
ist/shared/error-CP8smW_P
.mjs:48:18)
    at 
unwrapBindingResult (file
:///C:/Users/deshp/OneDri
ve/Desktop/Jay/ChitX-/fro
ntend/node_modules/rolldo
wn/dist/shared/error-CP8s
mW_P.mjs:18:128)
    at #build (file:///C:
/Users/deshp/OneDrive/Des
ktop/Jay/ChitX-/frontend/
node_modules/rolldown/dis
t/shared/rolldown-build-4
YnQkA76.mjs:3311:34)
    at async 
buildEnvironment (file://
/C:/Users/deshp/OneDrive/
Desktop/Jay/ChitX-/fronte
nd/node_modules/vite/dist
/node/chunks/node.js:3279
4:64)
    at async 
Object.build (file:///C:/
Users/deshp/OneDrive/Desk
top/Jay/ChitX-/frontend/n
ode_modules/vite/dist/nod
e/chunks/node.js:33216:19
)
    at async 
Object.buildApp (file:///
C:/Users/deshp/OneDrive/D
esktop/Jay/ChitX-/fronten
d/node_modules/vite/dist/
node/chunks/node.js:33213
:153)
    at async 
CAC.<anonymous> (file:///
C:/Users/deshp/OneDrive/D
esktop/Jay/ChitX-/fronten
d/node_modules/vite/dist/
node/cli.js:778:3) {
  errors: [Getter/Setter]
}[39m
